// Jest Snapshot v1, https://goo.gl/fbAQLP

exports[`Renders correctly without data 1`] = `
<div
  className="content-center justify-center text-center"
>
  <img
    alt="John Travolta confused"
    className="m-auto my-2 h-64 w-96 rounded-lg object-cover"
    src="travolta.gif"
  />
  <div
    className="content-center justify-center text-center"
  >
    <span
      className="mt-6 text-gray-500"
    >
      We cant find anything with 
      <strong
        className="font-semibold"
      />
      , try searching again.
    </span>
    <button
      className="ml-2 rounded bg-indigo-400 py-2 px-4 font-bold text-white hover:bg-indigo-500 disabled:bg-indigo-500/20"
      disabled={false}
      type="button"
    >
      Clear Search
    </button>
  </div>
</div>
`;
